// Jest Snapshot v1, https://goo.gl/fbAQLP

exports[`Dispatch createUser action 1`] = `
Array [
  Object {
    "type": "CREATE_USER",
    "username": "Martian",
  },
]
`;
